ALLOC at : 8 (2040 byte(s)) -- pool 3
ALLOC at : 2064 (4096 byte(s)) -- pool 3
ALLOC at : 6176 (2044 byte(s)) -- pool 3
ALLOC at : 8236 (4096 byte(s)) -- pool 3
FREE  at : 8 -- pool 3
FREE  at : 6176 -- pool 3
ALLOC at : 12348 (2048 byte(s)) -- pool 3
ALLOC at : 14412 (2048 byte(s)) -- pool 3
FREE  at : 12348 -- pool 3
ALLOC at : 8 (1025 byte(s)) -- pool 3
FREE  at : 2064 -- pool 3
FREE  at : 14412 -- pool 3
ALLOC at : 2064 (2048 byte(s)) -- pool 3
FREE  at : 8 -- pool 3
FREE  at : 8236 -- pool 3
